node:internal/modules/cjs/loader:1386
  throw err;
  ^

Error: Cannot find module './generateTestAddresses.ts'
Require stack:
- E:\AI WORK\WEB 3.0 Decentralized\zk-cid\packages\hardhat\imaginaryUncacheableRequireResolveScript
    at Function._resolveFilename (node:internal/modules/cjs/loader:1383:15)
    at Function.resolve (node:internal/modules/helpers:157:19)
    at requireResolveNonCached (E:\AI WORK\WEB 3.0 Decentralized\zk-cid\node_modules\ts-node\dist\bin.js:549:16)
    at getProjectSearchDir (E:\AI WORK\WEB 3.0 Decentralized\zk-cid\node_modules\ts-node\dist\bin.js:519:40)
    at phase3 (E:\AI WORK\WEB 3.0 Decentralized\zk-cid\node_modules\ts-node\dist\bin.js:267:27)
    at bootstrap (E:\AI WORK\WEB 3.0 Decentralized\zk-cid\node_modules\ts-node\dist\bin.js:47:30)
    at main (E:\AI WORK\WEB 3.0 Decentralized\zk-cid\node_modules\ts-node\dist\bin.js:33:12)
    at Object.<anonymous> (E:\AI WORK\WEB 3.0 Decentralized\zk-cid\node_modules\ts-node\dist\bin.js:579:5)
    at Module._compile (node:internal/modules/cjs/loader:1705:14)
    at Object..js (node:internal/modules/cjs/loader:1838:10) {
  code: 'MODULE_NOT_FOUND',
  requireStack: [
    'E:\\AI WORK\\WEB 3.0 Decentralized\\zk-cid\\packages\\hardhat\\imaginaryUncacheableRequireResolveScript'
  ]
}

Node.js v22.22.1
