  Compiling workflow...
✓ Workflow compiled successfully
  Binary hash: f0edfaa2f665a7321258ff069c0af6e9adf01611ff997ce376799e0dce9ac15c
✓ Build output written to C:\Users\Administrator\AppData\Local\Temp\zk-cid-cre-build\compliance-lifecycle\binary.wasm
Initializing...
Loading settings...
! Using default private key for chain write simulation. To use your own key, set CRE_ETH_PRIVATE_KEY in your .env file or system environment.
Checking RPC connectivity...
Compiling workflow...
✓ Workflow compiled
✓ Simulation limits enabled
  HTTP: req=120kb resp=250kb timeout=10s | ConfHTTP: req=125kb resp=500kb timeout=1m30s | Consensus obs=25kb | ChainWrite evm_report=50kb evm_gas=10000000 solana_report=265b solana_cu=300000 | WASM binary=100mb compressed=20mb
  Binary hash: f0edfaa2f665a7321258ff069c0af6e9adf01611ff997ce376799e0dce9ac15c
  Config hash: d8f9534a03d44bd98eb6ef83d728aee28d4639d99b573ff0796a60d11802c096
2026-10-02T23:30:48Z [SIMULATION] Simulator Initialized

2026-10-02T23:30:48Z [SIMULATION] Running trigger trigger=cron-trigger@1.0.0
2026-10-02T23:30:50Z [USER LOG] sanctions list fetched: 1 entries (source=Mock OFAC SDN Sanctions List (Demo))
2026-10-02T23:30:50Z [USER LOG] on-chain members fetched: 1
2026-10-02T23:30:50Z [USER LOG] on-chain leaves fetched: 2 (1 active)
2026-10-02T23:30:50Z [USER LOG] merkle proof generated commitment=123456789012345678901234567890123456789 siblingCount=1
2026-10-02T23:30:52Z [USER LOG] revoked commitment=123456789012345678901234567890123456789

✓ Workflow Simulation Result:
"{\n  \"status\": \"revoked\",\n  \"revokedCount\": 1,\n  \"revokedCommitments\": [\n    \"123456789012345678901234567890123456789\"\n  ],\n  \"txHashes\": [\n    \"\"\n  ],\n  \"proofs\": [\n    {\n      \"commitment\": \"123456789012345678901234567890123456789\",\n      \"siblings\": [\n        \"0\"\n      ]\n    }\n  ],\n  \"source\": \"Mock OFAC SDN Sanctions List (Demo)\",\n  \"executedAt\": \"2026-10-02T15:30:52.254Z\"\n}"

2026-10-02T23:30:52Z [SIMULATION] Execution finished signal received
2026-10-02T23:30:52Z [SIMULATION] Skipping WorkflowEngineV2

╭──────────────────────────────────────────────────────╮
│ Simulation complete! Ready to deploy your workflow?  │
│                                                      │
│ Run cre account access to request deployment access. │
╰──────────────────────────────────────────────────────╯
