0 verbose cli C:\Users\Administrator\nodejs\node.exe C:\Users\Administrator\nodejs\node_modules\npm\bin\npm-cli.js
1 info using npm@10.9.4
2 info using node@v22.22.1
3 silly config load:file:C:\Users\Administrator\nodejs\node_modules\npm\npmrc
4 info config found workspace root at E:\AI WORK\WEB 3.0 Decentralized\zk-cid
5 silly config load:file:E:\AI WORK\WEB 3.0 Decentralized\zk-cid\.npmrc
6 silly config load:file:C:\Users\Administrator\.npmrc
7 silly config load:file:C:\Users\Administrator\nodejs\etc\npmrc
8 verbose title npm exec hardhat test
9 verbose argv "exec" "--" "hardhat" "test"
10 verbose logfile logs-max:10 dir:E:\AI WORK\WEB 3.0 Decentralized\tmp\npm-cache\_logs\2026-07-30T19_05_14_625Z-
11 verbose logfile E:\AI WORK\WEB 3.0 Decentralized\tmp\npm-cache\_logs\2026-07-30T19_05_14_625Z-debug-0.log
12 silly logfile done cleaning log files
13 http fetch GET https://registry.npmjs.org/npm attempt 1 failed with EACCES
14 verbose cwd E:\AI WORK\WEB 3.0 Decentralized\zk-cid\packages\hardhat
15 verbose os Windows_NT 10.0.22621
16 verbose node v22.22.1
17 verbose npm  v10.9.4
18 verbose exit 1
19 verbose code 1
