npm warn config ignoring workspace config at E:\AI WORK\WEB 3.0 Decentralized\zk-cid\packages\nextjs/.npmrc

> @se-2/nextjs@0.1.0 build
> yarn lint && next build --webpack


E:\AI WORK\WEB 3.0 Decentralized\zk-cid\packages\nextjs\app\page.tsx
  3:9  warning  Replace `␍⏎··BeakerIcon,␍⏎··BugAntIcon,␍⏎··FingerPrintIcon,␍⏎··RocketLaunchIcon,␍⏎··ScaleIcon,␍⏎` with `·BeakerIcon,·BugAntIcon,·FingerPrintIcon,·RocketLaunchIcon,·ScaleIcon·`  prettier/prettier

E:\AI WORK\WEB 3.0 Decentralized\zk-cid\packages\nextjs\components\Header.tsx
  5:9  warning  Replace `␍⏎··Bars3Icon,␍⏎··BeakerIcon,␍⏎··BugAntIcon,␍⏎··RocketLaunchIcon,␍⏎··ScaleIcon,␍⏎` with `·Bars3Icon,·BeakerIcon,·BugAntIcon,·RocketLaunchIcon,·ScaleIcon·`  prettier/prettier

E:\AI WORK\WEB 3.0 Decentralized\zk-cid\packages\nextjs\hooks\zk-cid\useProof.test.ts
   1:10  warning  Replace `describe,·it,·expect,·vi,·beforeEach·}·from·"vitest` with `useProof·}·from·"./useProof`     prettier/prettier
   2:10  warning  Replace `renderHook,·act` with `act,·renderHook`                                                     prettier/prettier
   3:10  warning  Replace `useProof·}·from·"./useProof` with `beforeEach,·describe,·expect,·it,·vi·}·from·"vitest`     prettier/prettier
  37:79  warning  Replace `␍⏎······()·=>·new·Promise(()·=>·{}),␍⏎····` with `()·=>·new·Promise(()·=>·{})`              prettier/prettier
  81:78  warning  Replace `␍⏎······new·Error("ZK·generation·failed"),␍⏎····` with `new·Error("ZK·generation·failed")`  prettier/prettier
  96:4   warning  Insert `␍⏎`                                                                                          prettier/prettier

✖ 8 problems (0 errors, 8 warnings)
  0 errors and 8 warnings potentially fixable with the `--fix` option.

⚠ Warning: Next.js inferred your workspace root, but it may not be correct.
 We detected multiple lockfiles and selected the directory of E:\AI WORK\WEB 3.0 Decentralized\zk-cid\yarn.lock as the root directory.
 To silence this warning, set `outputFileTracingRoot` in your Next.js config, or consider removing one of the lockfiles if it's not needed.
   See https://nextjs.org/docs/app/api-reference/config/next-config-js/output#caveats for more information.
 Detected additional lockfiles: 
   * E:\AI WORK\WEB 3.0 Decentralized\zk-cid\packages\nextjs\package-lock.json

▲ Next.js 16.2.10 (webpack)

  Creating an optimized production build ...
/*! 🌼 daisyUI 5.6.16 */
⚠ Compiled with warnings in 2.1min

./node_modules/@reown/appkit/node_modules/ox/_esm/tempo/internal/virtualMasterPool.js
Critical dependency: the request of a dependency is an expression

Import trace for requested module:
./node_modules/@reown/appkit/node_modules/ox/_esm/tempo/internal/virtualMasterPool.js
./node_modules/@reown/appkit/node_modules/ox/_esm/tempo/VirtualMaster.js
./node_modules/@reown/appkit/node_modules/ox/_esm/tempo/index.js
./node_modules/@reown/appkit/node_modules/viem/_esm/tempo/chainConfig.js
./node_modules/@reown/appkit/node_modules/viem/_esm/chains/definitions/tempo.js
./node_modules/@reown/appkit/node_modules/viem/_esm/chains/index.js
./node_modules/@reown/appkit/dist/esm/src/networks/index.js
./node_modules/@reown/appkit/dist/esm/src/utils/HelpersUtil.js
./node_modules/@reown/appkit/dist/esm/src/utils/index.js
./node_modules/@reown/appkit/dist/esm/src/client/appkit-base-client.js
./node_modules/@reown/appkit/dist/esm/src/client/appkit-core.js
./node_modules/@reown/appkit/dist/esm/exports/core.js
./node_modules/@walletconnect/ethereum-provider/dist/index.es.js
./node_modules/@wagmi/connectors/dist/esm/walletConnect.js
./node_modules/@wagmi/connectors/dist/esm/exports/index.js
./node_modules/wagmi/dist/esm/exports/connectors.js
./node_modules/@rainbow-me/rainbowkit/dist/index.js
./components/ScaffoldEthAppWithProviders.tsx

./node_modules/web-worker/cjs/node.js
Critical dependency: the request of a dependency is an expression

Import trace for requested module:
./node_modules/web-worker/cjs/node.js
./node_modules/ffjavascript/src/threadman.js
./node_modules/ffjavascript/src/engine.js
./node_modules/ffjavascript/src/bn128.js
./node_modules/ffjavascript/main.js
./node_modules/@semaphore-protocol/proof/node_modules/snarkjs/src/curves.js
./node_modules/@semaphore-protocol/proof/node_modules/snarkjs/main.js
./node_modules/@semaphore-protocol/proof/dist/index.node.js
./app/zk-test/page.tsx

./node_modules/@coinbase/cdp-sdk/node_modules/ox/_esm/tempo/internal/virtualMasterPool.js
Critical dependency: the request of a dependency is an expression

Import trace for requested module:
./node_modules/@coinbase/cdp-sdk/node_modules/ox/_esm/tempo/internal/virtualMasterPool.js
./node_modules/@coinbase/cdp-sdk/node_modules/ox/_esm/tempo/VirtualMaster.js
./node_modules/@coinbase/cdp-sdk/node_modules/ox/_esm/tempo/index.js
./node_modules/@coinbase/cdp-sdk/node_modules/viem/_esm/tempo/chainConfig.js
./node_modules/@coinbase/cdp-sdk/node_modules/viem/_esm/chains/definitions/tempo.js
./node_modules/@coinbase/cdp-sdk/node_modules/viem/_esm/chains/index.js
./node_modules/@coinbase/cdp-sdk/_esm/accounts/evm/networkToChainResolver.js
./node_modules/@coinbase/cdp-sdk/_esm/accounts/evm/toEvmSmartAccount.js
./node_modules/@coinbase/cdp-sdk/_esm/accounts/evm/toEvmDelegatedAccount.js
./node_modules/@coinbase/cdp-sdk/_esm/index.js
./node_modules/@base-org/account/dist/interface/payment/charge.js
./node_modules/@base-org/account/dist/interface/payment/index.node.js
./node_modules/@base-org/account/dist/index.node.js
./node_modules/@wagmi/connectors/dist/esm/baseAccount.js
./node_modules/@wagmi/connectors/dist/esm/exports/index.js
./node_modules/wagmi/dist/esm/exports/connectors.js
./node_modules/@rainbow-me/rainbowkit/dist/index.js
./components/ScaffoldEthAppWithProviders.tsx

  Running TypeScript ...
Failed to type check.

.next/dev/types/validator.ts:87:39
Type error: Cannot find module '../../../app/issuer/page.js' or its corresponding type declarations.

  [90m85 |[0m {
  [90m86 |[0m   [36mtype[0m __IsExpected<[33mSpecific[0m [36mextends[0m [33mAppPageConfig[0m<[32m"/issuer"[0m>> = [33mSpecific[0m
[31m[1m>[0m [90m87 |[0m   [36mconst[0m handler = {} [36mas[0m [36mtypeof[0m [36mimport[0m([32m"../../../app/issuer/page.js"[0m)
  [90m   |[0m                                       [31m[1m^[0m
  [90m88 |[0m   [36mtype[0m __Check = __IsExpected<[36mtypeof[0m handler>
  [90m89 |[0m   [90m// @ts-ignore[0m
  [90m90 |[0m   [36mtype[0m __Unused = __Check
Next.js build worker exited with code: 1 and signal: null
npm error Lifecycle script `build` failed with error:
npm error code 1
npm error path E:\AI WORK\WEB 3.0 Decentralized\zk-cid\packages\nextjs
npm error workspace @se-2/nextjs@0.1.0
npm error location E:\AI WORK\WEB 3.0 Decentralized\zk-cid\packages\nextjs
npm error command failed
npm error command C:\Windows\system32\cmd.exe /d /s /c yarn lint && next build --webpack
