npm warn config ignoring workspace config at E:\AI WORK\WEB 3.0 Decentralized\zk-cid\packages\nextjs/.npmrc
error TS6053: File 'E:/AI WORK/WEB 3.0 Decentralized/zk-cid/packages/nextjs/.next/types/app/blockexplorer/address/[address]/page.ts' not found.
  The file is in the program because:
    Matched by include pattern '.next/types/**/*.ts' in 'E:/AI WORK/WEB 3.0 Decentralized/zk-cid/packages/nextjs/tsconfig.json'
error TS6053: File 'E:/AI WORK/WEB 3.0 Decentralized/zk-cid/packages/nextjs/.next/types/app/blockexplorer/layout.ts' not found.
  The file is in the program because:
    Matched by include pattern '.next/types/**/*.ts' in 'E:/AI WORK/WEB 3.0 Decentralized/zk-cid/packages/nextjs/tsconfig.json'
error TS6053: File 'E:/AI WORK/WEB 3.0 Decentralized/zk-cid/packages/nextjs/.next/types/app/blockexplorer/page.ts' not found.
  The file is in the program because:
    Matched by include pattern '.next/types/**/*.ts' in 'E:/AI WORK/WEB 3.0 Decentralized/zk-cid/packages/nextjs/tsconfig.json'
error TS6053: File 'E:/AI WORK/WEB 3.0 Decentralized/zk-cid/packages/nextjs/.next/types/app/blockexplorer/transaction/[txHash]/page.ts' not found.
  The file is in the program because:
    Matched by include pattern '.next/types/**/*.ts' in 'E:/AI WORK/WEB 3.0 Decentralized/zk-cid/packages/nextjs/tsconfig.json'
error TS6053: File 'E:/AI WORK/WEB 3.0 Decentralized/zk-cid/packages/nextjs/.next/types/app/debug/page.ts' not found.
  The file is in the program because:
    Matched by include pattern '.next/types/**/*.ts' in 'E:/AI WORK/WEB 3.0 Decentralized/zk-cid/packages/nextjs/tsconfig.json'
error TS6053: File 'E:/AI WORK/WEB 3.0 Decentralized/zk-cid/packages/nextjs/.next/types/app/page.ts' not found.
  The file is in the program because:
    Matched by include pattern '.next/types/**/*.ts' in 'E:/AI WORK/WEB 3.0 Decentralized/zk-cid/packages/nextjs/tsconfig.json'
error TS6053: File 'E:/AI WORK/WEB 3.0 Decentralized/zk-cid/packages/nextjs/.next/types/app/zk-cid/page.ts' not found.
  The file is in the program because:
    Matched by include pattern '.next/types/**/*.ts' in 'E:/AI WORK/WEB 3.0 Decentralized/zk-cid/packages/nextjs/tsconfig.json'
error TS6053: File 'E:/AI WORK/WEB 3.0 Decentralized/zk-cid/packages/nextjs/.next/types/app/zk-test/page.ts' not found.
  The file is in the program because:
    Matched by include pattern '.next/types/**/*.ts' in 'E:/AI WORK/WEB 3.0 Decentralized/zk-cid/packages/nextjs/tsconfig.json'
